// Jest Snapshot v1, https://goo.gl/fbAQLP

exports[`NavBar component should render without crashing 1`] = `
<div>
  <nav
    class="css-d3d9fz-Flex-StyledNavBar e791bbv0"
  >
    <div
      class="css-juhj3d-Box-PageContentWrapper eq3nwli0"
    >
      <img
        alt="Nexus Mutual"
        src="nexus-mutual-logo.svg"
      />
      <a
        aria-current="page"
        class="css-10964vg-TestLink e791bbv1 active"
        href="/"
      >
        Protected Yields
      </a>
      <a
        class="css-10964vg-TestLink e791bbv1"
        href="/cover"
      >
        All Protocols
      </a>
    </div>
    <button
      class="css-qme8zs"
    >
      Connect
    </button>
  </nav>
</div>
`;
