// Jest Snapshot v1, https://goo.gl/fbAQLP

exports[`App component should render without crashing 1`] = `
<div>
  <div
    class="css-b3psm6-Flex e11m02v90"
  >
    <div
      class="css-cu2094-Box e1gx7u5e0"
    >
      <h4
        class="css-1cfxgj"
      >
        Hello, welcome to Nexus Mutual
      </h4>
      <p
        class="css-gn5fqb"
      >
        I think i'm just text. That's pretty cool, right?
      </p>
      <div
        class="css-3q7i21"
      >
        Test my buttons!
      </div>
      <button
        class="css-1ivwkj0"
      >
        <span
          class="e7emh9v1 css-cj61wh-ButtonText"
        >
          Primary Button
        </span>
      </button>
      <button
        class="css-1v411tv"
      >
        <span
          class="e7emh9v1 css-cj61wh-ButtonText"
        >
          Outline Button
        </span>
      </button>
    </div>
  </div>
</div>
`;
